FF                                                                       [100%]
=================================== FAILURES ===================================
___________ test_t104_profile_email_change_is_not_an_identity_change ___________

profile_client = (<starlette.testclient.TestClient object at 0x105cba300>, <test_review_profile_http.profile_client.<locals>.Connection object at 0x105b0a840>)

    def test_t104_profile_email_change_is_not_an_identity_change(profile_client):
        client, db = profile_client
        client.cookies.set(routes.SESSION_COOKIE_NAME, 'owner')
        response=client.patch('/users/91/profile',json={'email':'another@example.test','telegram':'changed'})
>       assert response.status_code==409
E       assert 200 == 409
E        +  where 200 = <Response [200 OK]>.status_code

tests/e2e/test_review_profile_http.py:96: AssertionError
___________ test_t104_anonymous_dialogue_message_never_reaches_agent ___________

profile_client = (<starlette.testclient.TestClient object at 0x105f450d0>, <test_review_profile_http.profile_client.<locals>.Connection object at 0x105b9f5c0>)
monkeypatch = <_pytest.monkeypatch.MonkeyPatch object at 0x105aecec0>

    def test_t104_anonymous_dialogue_message_never_reaches_agent(profile_client,monkeypatch):
        client,_=profile_client
        def forbidden(**_): raise AssertionError('Unauthenticated request reached profile agent')
        monkeypatch.setattr(routes.interviewer_agent,'reply',forbidden)
>       assert client.post('/users/agent/message',json={'session_id':'synthetic-session','message':'synthetic'}).status_code==401
               ^^^^^^^^^^^^^^^^^^^^^^^^^^^^^^^^^^^^^^^^^^^^^^^^^^^^^^^^^^^^^^^^^^^^^^^^^^^^^^^^^^^^^^^^^^^^^^^^^

tests/e2e/test_review_profile_http.py:104:
_ _ _ _ _ _ _ _ _ _ _ _ _ _ _ _ _ _ _ _ _ _ _ _ _ _ _ _ _ _ _ _ _ _ _ _ _ _ _ _
../../.venv/lib/python3.12/site-packages/starlette/testclient.py:560: in post
    return super().post(
../../.venv/lib/python3.12/site-packages/httpx/_client.py:1144: in post
    return self.request(
../../.venv/lib/python3.12/site-packages/starlette/testclient.py:459: in request
    return super().request(
../../.venv/lib/python3.12/site-packages/httpx/_client.py:825: in request
    return self.send(request, auth=auth, follow_redirects=follow_redirects)
           ^^^^^^^^^^^^^^^^^^^^^^^^^^^^^^^^^^^^^^^^^^^^^^^^^^^^^^^^^^^^^^^^
../../.venv/lib/python3.12/site-packages/httpx/_client.py:914: in send
    response = self._send_handling_auth(
../../.venv/lib/python3.12/site-packages/httpx/_client.py:942: in _send_handling_auth
    response = self._send_handling_redirects(
../../.venv/lib/python3.12/site-packages/httpx/_client.py:979: in _send_handling_redirects
    response = self._send_single_request(request)
               ^^^^^^^^^^^^^^^^^^^^^^^^^^^^^^^^^^
../../.venv/lib/python3.12/site-packages/httpx/_client.py:1014: in _send_single_request
    response = transport.handle_request(request)
               ^^^^^^^^^^^^^^^^^^^^^^^^^^^^^^^^^
../../.venv/lib/python3.12/site-packages/starlette/testclient.py:362: in handle_request
    raise exc
../../.venv/lib/python3.12/site-packages/starlette/testclient.py:359: in handle_request
    portal.call(self.app, scope, receive, send)
../../.venv/lib/python3.12/site-packages/anyio/from_thread.py:334: in call
    return cast(T_Retval, self.start_task_soon(func, *args).result())
                          ^^^^^^^^^^^^^^^^^^^^^^^^^^^^^^^^^^^^^^^^^^
/usr/local/Cellar/python@3.12/3.12.13_2/Frameworks/Python.framework/Versions/3.12/lib/python3.12/concurrent/futures/_base.py:456: in result
    return self.__get_result()
           ^^^^^^^^^^^^^^^^^^^
/usr/local/Cellar/python@3.12/3.12.13_2/Frameworks/Python.framework/Versions/3.12/lib/python3.12/concurrent/futures/_base.py:401: in __get_result
    raise self._exception
../../.venv/lib/python3.12/site-packages/anyio/from_thread.py:259: in _call_func
    retval = await retval_or_awaitable
             ^^^^^^^^^^^^^^^^^^^^^^^^^
../../.venv/lib/python3.12/site-packages/fastapi/applications.py:1159: in __call__
    await super().__call__(scope, receive, send)
../../.venv/lib/python3.12/site-packages/starlette/applications.py:90: in __call__
    await self.middleware_stack(scope, receive, send)
../../.venv/lib/python3.12/site-packages/starlette/middleware/errors.py:186: in __call__
    raise exc
../../.venv/lib/python3.12/site-packages/starlette/middleware/errors.py:164: in __call__
    await self.app(scope, receive, _send)
../../.venv/lib/python3.12/site-packages/starlette/middleware/exceptions.py:63: in __call__
    await wrap_app_handling_exceptions(self.app, conn)(scope, receive, send)
../../.venv/lib/python3.12/site-packages/starlette/_exception_handler.py:53: in wrapped_app
    raise exc
../../.venv/lib/python3.12/site-packages/starlette/_exception_handler.py:42: in wrapped_app
    await app(scope, receive, sender)
../../.venv/lib/python3.12/site-packages/fastapi/middleware/asyncexitstack.py:18: in __call__
    await self.app(scope, receive, send)
../../.venv/lib/python3.12/site-packages/starlette/routing.py:660: in __call__
    await self.middleware_stack(scope, receive, send)
../../.venv/lib/python3.12/site-packages/starlette/routing.py:680: in app
    await route.handle(scope, receive, send)
../../.venv/lib/python3.12/site-packages/starlette/routing.py:276: in handle
    await self.app(scope, receive, send)
../../.venv/lib/python3.12/site-packages/fastapi/routing.py:134: in app
    await wrap_app_handling_exceptions(app, request)(scope, receive, send)
../../.venv/lib/python3.12/site-packages/starlette/_exception_handler.py:53: in wrapped_app
    raise exc
../../.venv/lib/python3.12/site-packages/starlette/_exception_handler.py:42: in wrapped_app
    await app(scope, receive, sender)
../../.venv/lib/python3.12/site-packages/fastapi/routing.py:120: in app
    response = await f(request)
               ^^^^^^^^^^^^^^^^
../../.venv/lib/python3.12/site-packages/fastapi/routing.py:674: in app
    raw_response = await run_endpoint_function(
../../.venv/lib/python3.12/site-packages/fastapi/routing.py:330: in run_endpoint_function
    return await run_in_threadpool(dependant.call, **values)
           ^^^^^^^^^^^^^^^^^^^^^^^^^^^^^^^^^^^^^^^^^^^^^^^^^
../../.venv/lib/python3.12/site-packages/starlette/concurrency.py:32: in run_in_threadpool
    return await anyio.to_thread.run_sync(func)
           ^^^^^^^^^^^^^^^^^^^^^^^^^^^^^^^^^^^^
../../.venv/lib/python3.12/site-packages/anyio/to_thread.py:63: in run_sync
    return await get_async_backend().run_sync_in_worker_thread(
../../.venv/lib/python3.12/site-packages/anyio/_backends/_asyncio.py:2518: in run_sync_in_worker_thread
    return await future
           ^^^^^^^^^^^^
../../.venv/lib/python3.12/site-packages/anyio/_backends/_asyncio.py:1002: in run
    result = context.run(func, *args)
             ^^^^^^^^^^^^^^^^^^^^^^^^
Api/routes.py:6220: in process_agent_message
    reply = interviewer_agent.reply(
_ _ _ _ _ _ _ _ _ _ _ _ _ _ _ _ _ _ _ _ _ _ _ _ _ _ _ _ _ _ _ _ _ _ _ _ _ _ _ _

_ = {'session_id': 'synthetic-session', 'message': 'synthetic', 'progress_operation_id': None}

>   def forbidden(**_): raise AssertionError('Unauthenticated request reached profile agent')
                        ^^^^^^^^^^^^^^^^^^^^^^^^^^^^^^^^^^^^^^^^^^^^^^^^^^^^^^^^^^^^^^^^^^^^^
E   AssertionError: Unauthenticated request reached profile agent

tests/e2e/test_review_profile_http.py:102: AssertionError
=============================== warnings summary ===============================
../../.venv/lib/python3.12/site-packages/fastapi/testclient.py:1
  /Users/vadim_bogachev/Desktop/mbti/4K_MBTI/.venv/lib/python3.12/site-packages/fastapi/testclient.py:1: StarletteDeprecationWarning: Using `httpx` with `starlette.testclient` is deprecated; install `httpx2` instead.
    from starlette.testclient import TestClient as TestClient  # noqa

-- Docs: https://docs.pytest.org/en/stable/how-to/capture-warnings.html
=========================== short test summary info ============================
FAILED tests/e2e/test_review_profile_http.py::test_t104_profile_email_change_is_not_an_identity_change
FAILED tests/e2e/test_review_profile_http.py::test_t104_anonymous_dialogue_message_never_reaches_agent
2 failed, 6 deselected, 1 warning in 14.58s
