
> test:backend:integration
> .venv/bin/python -m pytest --run-integration -m integration

============================= test session starts ==============================
platform darwin -- Python 3.12.13, pytest-9.1.1, pluggy-1.6.0
rootdir: /Users/vadim_bogachev/Desktop/mbti/4K_MBTI/.worktrees/independent-review-remediation
configfile: pyproject.toml
testpaths: tests
plugins: cov-7.1.0, anyio-4.13.0
collected 498 items / 406 deselected / 92 selected

tests/integration/test_assessment_analysis_queue_db.py ........          [  8%]
tests/integration/test_assessment_authoring_workflow_db.py .......       [ 16%]
tests/integration/test_assessment_evaluation_material_repository_db.py . [ 17%]
                                                                         [ 17%]
tests/integration/test_assessment_indicator_repository_db.py ..          [ 19%]
tests/integration/test_assessment_queue_db.py ......                     [ 26%]
tests/integration/test_assessment_shadow_aggregate_db.py ..              [ 28%]
tests/integration/test_clean_bootstrap_db.py ...                         [ 31%]
tests/integration/test_integrated_acceptance_db.py .....                 [ 36%]
tests/integration/test_m10_product_path_db.py .....                      [ 42%]
tests/integration/test_m3_role_profiles_db.py .                          [ 43%]
tests/integration/test_m4_contexts_db.py .                               [ 44%]
tests/integration/test_m5_cycle_runtime_db.py ..                         [ 46%]
tests/integration/test_m5_generation_lab_db.py .                         [ 47%]
tests/integration/test_m5_runtime_db.py ..                               [ 50%]
tests/integration/test_m6_evidence_db.py ........................        [ 76%]
tests/integration/test_m6_substantive_admission_db.py .....              [ 81%]
tests/integration/test_m7_cycle_planner_db.py ......                     [ 88%]
tests/integration/test_m8_recommendation_basis_db.py ......              [ 94%]
tests/integration/test_profile_access_owned_stand.py .                   [ 95%]
tests/integration/test_profile_to_m4_owned_stand.py .                    [ 96%]
tests/integration/test_removed_personality_schema_cleanup_db.py .        [ 97%]
tests/integration/test_review_m4_confirmation_db.py .                    [ 98%]
tests/integration/test_review_report_history_db.py .                     [100%]

=============================== warnings summary ===============================
../../.venv/lib/python3.12/site-packages/fastapi/testclient.py:1
  /Users/vadim_bogachev/Desktop/mbti/4K_MBTI/.venv/lib/python3.12/site-packages/fastapi/testclient.py:1: StarletteDeprecationWarning: Using `httpx` with `starlette.testclient` is deprecated; install `httpx2` instead.
    from starlette.testclient import TestClient as TestClient  # noqa

-- Docs: https://docs.pytest.org/en/stable/how-to/capture-warnings.html
========== 92 passed, 406 deselected, 1 warning in 294.91s (0:04:54) ===========
