
> test:browser
> playwright test --grep REV-02


Running 1 test using 1 worker

(node:45874) Warning: The 'NO_COLOR' env is ignored due to the 'FORCE_COLOR' env being set.
(Use `node --trace-warnings ...` to show where the warning was created)
  ✘  1 tests/browser/runtime.spec.mjs:293:1 › REV-02 fresh M4 confirmation, canonical context and saved history after login (1.4m)


  1) tests/browser/runtime.spec.mjs:293:1 › REV-02 fresh M4 confirmation, canonical context and saved history after login

    Error: dialog.accept: Cannot accept dialog which is already handled!

      70 | });
      71 | async function login(page,stand,email='participant@example.test',prepare=false,navigate=true){
    > 72 |  page.on('dialog',dialog=>dialog.accept());
         |                                  ^
      73 |  page.on('response',async response=>{try{if(response.url().endsWith('/runtime') && response.ok()){page.acceptanceCycle=(await response.json()).cycle_id;}}catch{/* Navigation may discard diagnostic response bodies. */}});
      74 |  if(navigate) await page.goto(stand.url);
      75 |  await page.locator('#email-input').fill(email);
        at _Page.<anonymous> (/Users/vadim_bogachev/Desktop/mbti/4K_MBTI/.worktrees/independent-review-remediation/tests/browser/runtime.spec.mjs:72:34)

    Error: expect(locator).toContainText(expected) failed

    Locator: locator('#interview-messages')
    - Expected substring  -  1
    + Received string     + 17

    - Что вы имели в виду под разными основаниями готовности в своём ответе?
    + AIЗапуск в пятницу: что именно готово?
    +
    + Команда готовит запуск сервиса для 40 клиентских организаций в пятницу. В среду на общем статусе стоит «готово 90%». Коммерческий блок уже сообщил клиентам дату. В четверг вечером тестирование обнаружило, что часть организаций не может завершить подключение. У команд разные представления о готовности и о том, когда изменения стали обязательными.
    +
    + На встрече коммерческий руководитель говорит: «Мы обещали пятницу. Остались мелочи». Руководитель тестирования отвечает: «Это нельзя выпускать; вы назвали готовым то, что мы не принимали». Через час нужно передать спонсору согласованную рекомендацию.
    +
    + Вы ведёте проект и координируете выпуск. Можете остановить неподготовленный этап, менять последовательность работ в согласованных границах и организовать ограниченный запуск после проверки готовности. Изменение внешнего обещания и принятие остаточного бизнес-риска утверждает спонсор. Сотрудники смежных команд вам не подчиняются.
    +
    + На встрече присутствуют:
    + Марина, коммерческий руководитель — Защищает обещанную дату и отношения с клиентами; предлагает выпускать доступное.
    + Илья, руководитель разработки — Считает основную функцию завершённой; возражает против полной переработки за ночь.
    + Вера, руководитель тестирования — Не подписывает полный запуск; требует ясной границы готовности.
    + Павел, руководитель поддержки — Должен обеспечить подключения; не получил окончательную инструкцию.
    +
    + Проведите обсуждение и определите, что команда рекомендует делать с запуском и как продолжит работу. Итог должен быть пригоден для передачи спонсору и исполнения командами.
    +
    + До решения спонсора — один рабочий час, не лимит ответа участника. На сегодня осталось 8 часов разработки и 4 часа тестирования. Полное исправление требует 12 часов разработки, затем 6 часов тестирования; параллельное выполнение этого пути невозможно. Ограниченный контур требует 2 и затем 2 часа соответственно. Поддержка может вести не более 6 нестандартных подключений за день. Новых ресурсов сегодня нет.Илья считает основную функцию завершённой, Вера не подписывает полный запуск и требует ясной границы готовности, а Марина защищает обещанную клиентам дату. Это разные основания решения. Предлагаю зафиксировать согласие о выполненной части и спор о готовности полного запуска; проверить понимание обеих сторон и передать спонсору границы договорённости.ПовторитьAI5 из 12 подтверждённых клиентов используют старый импорт; их готовность ещё не проверяли.

    Call log:
      - Expect "toContainText" locator('#interview-messages') with timeout 30000ms
      - waiting for locator('#interview-messages')
        6 × locator resolved to <div id="interview-messages" class="interview-messages external-transfer-disabled">…</div>
          - unexpected value "AIЗапуск в пятницу: что именно готово?

    Команда готовит запуск сервиса для 40 клиентских организаций в пятницу. В среду на общем статусе стоит «готово 90%». Коммерческий блок уже сообщил клиентам дату. В четверг вечером тестирование обнаружило, что часть организаций не может завершить подключение. У команд разные представления о готовности и о том, когда изменения стали обязательными.

    На встрече коммерческий руководитель говорит: «Мы обещали пятницу. Остались мелочи». Руководитель тестирования отвечает: «Это нельзя выпускать; вы назвали готовым то, что мы не принимали». Через час нужно передать спонсору согласованную рекомендацию.

    Вы ведёте проект и координируете выпуск. Можете остановить неподготовленный этап, менять последовательность работ в согласованных границах и организовать ограниченный запуск после проверки готовности. Изменение внешнего обещания и принятие остаточного бизнес-риска утверждает спонсор. Сотрудники смежных команд вам не подчиняются.

    На встрече присутствуют:
    Марина, коммерческий руководитель — Защищает обещанную дату и отношения с клиентами; предлагает выпускать доступное.
    Илья, руководитель разработки — Считает основную функцию завершённой; возражает против полной переработки за ночь.
    Вера, руководитель тестирования — Не подписывает полный запуск; требует ясной границы готовности.
    Павел, руководитель поддержки — Должен обеспечить подключения; не получил окончательную инструкцию.

    Проведите обсуждение и определите, что команда рекомендует делать с запуском и как продолжит работу. Итог должен быть пригоден для передачи спонсору и исполнения командами.

    До решения спонсора — один рабочий час, не лимит ответа участника. На сегодня осталось 8 часов разработки и 4 часа тестирования. Полное исправление требует 12 часов разработки, затем 6 часов тестирования; параллельное выполнение этого пути невозможно. Ограниченный контур требует 2 и затем 2 часа соответственно. Поддержка может вести не более 6 нестандартных подключений за день. Новых ресурсов сегодня нет.Илья считает основную функцию завершённой, Вера не подписывает полный запуск и требует ясной границы готовности, а Марина защищает обещанную клиентам дату. Это разные основания решения. Предлагаю зафиксировать согласие о выполненной части и спор о готовности полного запуска; проверить понимание обеих сторон и передать спонсору границы договорённости.ПовторитьAI5 из 12 подтверждённых клиентов используют старый импорт; их готовность ещё не проверяли."
      - Target page, context or browser has been closed


      340 |  await start(page); await answer(page);
      341 |  await page.locator('#interview-finish-button').click();
    > 342 |  await expect(page.locator('#interview-messages')).toContainText(fixture.question,{timeout:30000});
          |                                                    ^
      343 |  await answer(page,fixture.clarification_answer);
      344 |  await page.locator('#interview-finish-button').click();
      345 |  const second=await report(page,stand,info);
        at /Users/vadim_bogachev/Desktop/mbti/4K_MBTI/.worktrees/independent-review-remediation/tests/browser/runtime.spec.mjs:342:52

    attachment #1: browser-version (text/plain) ────────────────────────────────────────────────────
    153.0.8010.12
    ────────────────────────────────────────────────────────────────────────────────────────────────

    attachment #4: report-pdf (application/pdf) ────────────────────────────────────────────────────
    .test-stand/browser-output/runtime-REV-02-fresh-M4-co-53907-d-saved-history-after-login/attachments/report-pdf-37220d053a6d9f100bdcd5fb791e94ad8f50815a.pdf
    ────────────────────────────────────────────────────────────────────────────────────────────────

    attachment #5: report (application/json) ───────────────────────────────────────────────────────
    .test-stand/browser-output/runtime-REV-02-fresh-M4-co-53907-d-saved-history-after-login/attachments/report-85cb973c5b21dc3ef62a08abf6d6ec094d30569d.json
    ────────────────────────────────────────────────────────────────────────────────────────────────

    attachment #6: pdf-content-check (text/plain) ──────────────────────────────────────────────────
    PDF content matches saved C-67; pages: 6

    ────────────────────────────────────────────────────────────────────────────────────────────────

    attachment #7: report-ui (image/png) ───────────────────────────────────────────────────────────
    .test-stand/browser-output/runtime-REV-02-fresh-M4-co-53907-d-saved-history-after-login/attachments/report-ui-e3998aaaef1daf41599a61c7dfe4bc34e4e9f498.png
    ────────────────────────────────────────────────────────────────────────────────────────────────

    attachment #10: history-pdf-check (text/plain) ─────────────────────────────────────────────────
    PDF content matches saved C-67; pages: 6

    ────────────────────────────────────────────────────────────────────────────────────────────────

    attachment #11: history-pdf (application/pdf) ──────────────────────────────────────────────────
    .test-stand/browser-output/runtime-REV-02-fresh-M4-co-53907-d-saved-history-after-login/attachments/history-pdf-87ff61562508c6f0e4a1deea48033ae86dc6dfd3.pdf
    ────────────────────────────────────────────────────────────────────────────────────────────────

    attachment #14: screenshot (image/png) ─────────────────────────────────────────────────────────
    .test-stand/browser-output/runtime-REV-02-fresh-M4-co-53907-d-saved-history-after-login/test-failed-1.png
    ────────────────────────────────────────────────────────────────────────────────────────────────

    attachment #16: server-log (text/plain) ────────────────────────────────────────────────────────
    .test-stand/browser-output/runtime-REV-02-fresh-M4-co-53907-d-saved-history-after-login/attachments/server-log-0cc33a0a5d940e19020832b2659b7c989e8a3e73.log
    ────────────────────────────────────────────────────────────────────────────────────────────────

    Error Context: .test-stand/browser-output/runtime-REV-02-fresh-M4-co-53907-d-saved-history-after-login/error-context.md

  1 failed
    tests/browser/runtime.spec.mjs:293:1 › REV-02 fresh M4 confirmation, canonical context and saved history after login
