Created empty owned stand: product4k_pytest_7656427647f741df9ba4a140f1f74572 application_tables=0
============================= test session starts ==============================
platform darwin -- Python 3.12.13, pytest-9.1.1, pluggy-1.6.0
rootdir: /Users/vadim_bogachev/Desktop/mbti/4K_MBTI/.worktrees/independent-review-remediation
configfile: pyproject.toml
testpaths: tests
plugins: cov-7.1.0, anyio-4.13.0
collected 474 items / 395 deselected / 79 selected

tests/integration/test_assessment_analysis_queue_db.py ........          [ 10%]
tests/integration/test_assessment_authoring_workflow_db.py .......       [ 18%]
tests/integration/test_assessment_evaluation_material_repository_db.py . [ 20%]
                                                                         [ 20%]
tests/integration/test_assessment_indicator_repository_db.py ..          [ 22%]
tests/integration/test_assessment_queue_db.py ......                     [ 30%]
tests/integration/test_assessment_shadow_aggregate_db.py ..              [ 32%]
tests/integration/test_m10_product_path_db.py .....                      [ 39%]
tests/integration/test_m3_role_profiles_db.py .                          [ 40%]
tests/integration/test_m4_contexts_db.py .                               [ 41%]
tests/integration/test_m5_cycle_runtime_db.py ..                         [ 44%]
tests/integration/test_m5_generation_lab_db.py .                         [ 45%]
tests/integration/test_m5_runtime_db.py ..                               [ 48%]
tests/integration/test_m6_evidence_db.py ........................        [ 78%]
tests/integration/test_m7_cycle_planner_db.py ......                     [ 86%]
tests/integration/test_m8_recommendation_basis_db.py ......              [ 93%]
tests/integration/test_profile_access_owned_stand.py .                   [ 94%]
tests/integration/test_profile_to_m4_owned_stand.py .                    [ 96%]
tests/integration/test_removed_personality_schema_cleanup_db.py .        [ 97%]
tests/integration/test_review_m4_confirmation_db.py .                    [ 98%]
tests/integration/test_review_report_history_db.py .                     [100%]

=============================== warnings summary ===============================
../../.venv/lib/python3.12/site-packages/fastapi/testclient.py:1
  /Users/vadim_bogachev/Desktop/mbti/4K_MBTI/.venv/lib/python3.12/site-packages/fastapi/testclient.py:1: StarletteDeprecationWarning: Using `httpx` with `starlette.testclient` is deprecated; install `httpx2` instead.
    from starlette.testclient import TestClient as TestClient  # noqa

-- Docs: https://docs.pytest.org/en/stable/how-to/capture-warnings.html
========== 79 passed, 395 deselected, 1 warning in 284.24s (0:04:44) ===========
Owned stand removed
============================= test session starts ==============================
platform darwin -- Python 3.12.13, pytest-9.1.1, pluggy-1.6.0
rootdir: /Users/vadim_bogachev/Desktop/mbti/4K_MBTI/.worktrees/independent-review-remediation
configfile: pyproject.toml
plugins: cov-7.1.0, anyio-4.13.0
collected 3 items

tests/integration/test_clean_bootstrap_db.py ...                         [100%]

======================== 3 passed in 136.01s (0:02:16) =========================
