
> test:backend:integration
> .venv/bin/python -m pytest --run-integration -m integration

============================= test session starts ==============================
platform darwin -- Python 3.12.13, pytest-9.1.1, pluggy-1.6.0
rootdir: /private/tmp/4k-review-remediation
configfile: pyproject.toml
testpaths: tests
plugins: cov-7.1.0, anyio-4.13.0
collected 461 items / 381 deselected / 80 selected

tests/integration/test_assessment_analysis_queue_db.py ........          [ 10%]
tests/integration/test_assessment_authoring_workflow_db.py .......       [ 18%]
tests/integration/test_assessment_evaluation_material_repository_db.py . [ 20%]
                                                                         [ 20%]
tests/integration/test_assessment_indicator_repository_db.py ..          [ 22%]
tests/integration/test_assessment_queue_db.py ......                     [ 30%]
tests/integration/test_assessment_shadow_aggregate_db.py ..              [ 32%]
tests/integration/test_clean_bootstrap_db.py ...                         [ 36%]
tests/integration/test_m10_product_path_db.py .....                      [ 42%]
tests/integration/test_m3_role_profiles_db.py .                          [ 43%]
tests/integration/test_m4_contexts_db.py .                               [ 45%]
tests/integration/test_m5_cycle_runtime_db.py ..                         [ 47%]
tests/integration/test_m5_generation_lab_db.py .                         [ 48%]
tests/integration/test_m5_runtime_db.py ..                               [ 51%]
tests/integration/test_m6_evidence_db.py ........................        [ 81%]
tests/integration/test_m7_cycle_planner_db.py ......                     [ 88%]
tests/integration/test_m8_recommendation_basis_db.py ......              [ 96%]
tests/integration/test_removed_personality_schema_cleanup_db.py .        [ 97%]
tests/integration/test_review_m4_confirmation_db.py .                    [ 98%]
tests/integration/test_review_report_history_db.py .                     [100%]

=============================== warnings summary ===============================
../../../Users/vadim_bogachev/Desktop/mbti/4K_MBTI/.venv/lib/python3.12/site-packages/fastapi/testclient.py:1
  /Users/vadim_bogachev/Desktop/mbti/4K_MBTI/.venv/lib/python3.12/site-packages/fastapi/testclient.py:1: StarletteDeprecationWarning: Using `httpx` with `starlette.testclient` is deprecated; install `httpx2` instead.
    from starlette.testclient import TestClient as TestClient  # noqa

-- Docs: https://docs.pytest.org/en/stable/how-to/capture-warnings.html
========== 80 passed, 381 deselected, 1 warning in 101.47s (0:01:41) ===========
