
> test:browser
> playwright test


Running 10 tests using 1 worker

(node:32230) Warning: The 'NO_COLOR' env is ignored due to the 'FORCE_COLOR' env being set.
(Use `node --trace-warnings ...` to show where the warning was created)
  ✓   1 tests/browser/runtime.spec.mjs:120:1 › S10-A and T11-10 positive, clarification and saved Report/PDF (31.0s)
  ✓   2 tests/browser/runtime.spec.mjs:179:1 › S10-B interruption and Additional Session preserve Cycle and deadline (24.7s)
  ✓   3 tests/browser/runtime.spec.mjs:207:35 › S10-C1 background time closure without another Turn (1.5m)
  ✓   4 tests/browser/runtime.spec.mjs:207:35 › S10-C2 background time closure without another Turn (1.4m)
  ✓   5 tests/browser/runtime.spec.mjs:236:1 › Recovery: lost response, unaccepted request, two tabs and owner boundaries (21.9s)
  ✓   6 tests/browser/runtime.spec.mjs:268:1 › S10-A character branch: actual character Turn, order and no invented recommendation (27.6s)
  ✓   7 tests/browser/runtime.spec.mjs:293:1 › REV-02 fresh M4 confirmation, canonical context and saved history after login (28.9s)
  ✓   8 tests/browser/runtime.spec.mjs:335:1 › S10.4 owner profile, 403, logout, late response and account switch (15.5s)
  ✘   9 tests/browser/runtime.spec.mjs:383:1 › P10.5 fresh profile, lost confirmation response, reload and first AS (23.9s)
(node:33787) Warning: The 'NO_COLOR' env is ignored due to the 'FORCE_COLOR' env being set.
(Use `node --trace-warnings ...` to show where the warning was created)
  ✓  10 tests/browser/runtime.spec.mjs:420:1 › P10.5 ready profile with no admitted catalog (16.1s)


  1) tests/browser/runtime.spec.mjs:383:1 › P10.5 fresh profile, lost confirmation response, reload and first AS

    Error: expect(locator).toBeVisible() failed

    Locator:  locator('#assessment-action-button')
    Expected: visible
    Received: hidden
    Timeout:  5000ms

    Call log:
      - Expect "toBeVisible" locator('#assessment-action-button') with timeout 5000ms
      - waiting for locator('#assessment-action-button')
        14 × locator resolved to <button type="button" class="primary-button" id="assessment-action-button">Продолжить</button>
           - unexpected value "hidden"


      407 |  await expect(page.locator('#assessment-action-button')).toBeVisible();
      408 |  expect(profileReceipts(stand)).toEqual(committed);
    > 409 |  await page.reload();await expect(page.locator('#assessment-action-button')).toBeVisible();
          |                                                                              ^
      410 |  await start(page);
      411 |  const after=profileReceipts(stand);
      412 |  expect(after.profiles).toEqual(committed.profiles);expect(after.cycles).toHaveLength(1);
        at /Users/vadim_bogachev/Desktop/mbti/4K_MBTI/.worktrees/independent-review-remediation/tests/browser/runtime.spec.mjs:409:78

    attachment #1: browser-version (text/plain) ────────────────────────────────────────────────────
    153.0.8010.12
    ────────────────────────────────────────────────────────────────────────────────────────────────

    attachment #3: screenshot (image/png) ──────────────────────────────────────────────────────────
    .test-stand/browser-output/runtime-P10-5-fresh-profil-03086-esponse-reload-and-first-AS/test-failed-1.png
    ────────────────────────────────────────────────────────────────────────────────────────────────

    attachment #5: server-log (text/plain) ─────────────────────────────────────────────────────────
    .test-stand/browser-output/runtime-P10-5-fresh-profil-03086-esponse-reload-and-first-AS/attachments/server-log-9f2a5325379d39def9a15888b06dc244b3612ac8.log
    ────────────────────────────────────────────────────────────────────────────────────────────────

    Error Context: .test-stand/browser-output/runtime-P10-5-fresh-profil-03086-esponse-reload-and-first-AS/error-context.md

  1 failed
    tests/browser/runtime.spec.mjs:383:1 › P10.5 fresh profile, lost confirmation response, reload and first AS
  9 passed (6.1m)
