
> test:backend:http
> .venv/bin/python -m pytest -m e2e tests/e2e

============================= test session starts ==============================
platform darwin -- Python 3.12.13, pytest-9.1.1, pluggy-1.6.0
rootdir: /Users/vadim_bogachev/Desktop/mbti/4K_MBTI/.worktrees/independent-review-remediation
configfile: pyproject.toml
plugins: cov-7.1.0, anyio-4.13.0
collected 37 items

tests/e2e/test_assessment_authoring_http.py ...                          [  8%]
tests/e2e/test_assessment_shadow_admin_http.py .....                     [ 21%]
tests/e2e/test_m3_role_profile_selection_http.py ....                    [ 32%]
tests/e2e/test_m5_generation_lab_http.py .......                         [ 51%]
tests/e2e/test_m5_runtime_http.py ....                                   [ 62%]
tests/e2e/test_m6_evidence_http.py ......                                [ 78%]
tests/e2e/test_review_profile_http.py ........                           [100%]

=============================== warnings summary ===============================
../../.venv/lib/python3.12/site-packages/fastapi/testclient.py:1
  /Users/vadim_bogachev/Desktop/mbti/4K_MBTI/.venv/lib/python3.12/site-packages/fastapi/testclient.py:1: StarletteDeprecationWarning: Using `httpx` with `starlette.testclient` is deprecated; install `httpx2` instead.
    from starlette.testclient import TestClient as TestClient  # noqa

-- Docs: https://docs.pytest.org/en/stable/how-to/capture-warnings.html
======================== 37 passed, 1 warning in 28.07s ========================
